// Jest Snapshot v1, https://goo.gl/fbAQLP

exports[`Price renders correctly the right prices 1`] = `
<div
  className="row"
>
  <div
    className="col-sm-10"
  />
  <div
    className="col-sm-2"
  >
    <span
      className="price-string"
    >
      <h4>
        Total price
      </h4>
      <span
        className="price__before-discount"
      >
        <h4>
          65
          €
        </h4>
      </span>
      <h4>
        50
        €
      </h4>
    </span>
  </div>
</div>
`;
